Linked: (/home/hank/piper_ws/devel/.private/piper_msgs/include/piper_msgs/EnableRequest.h, /home/hank/piper_ws/devel/include/piper_msgs/EnableRequest.h)
Linked: (/home/hank/piper_ws/devel/.private/piper_msgs/include/piper_msgs/Enable.h, /home/hank/piper_ws/devel/include/piper_msgs/Enable.h)
Linked: (/home/hank/piper_ws/devel/.private/piper_msgs/include/piper_msgs/EnableResponse.h, /home/hank/piper_ws/devel/include/piper_msgs/EnableResponse.h)
Linked: (/home/hank/piper_ws/devel/.private/piper_msgs/include/piper_msgs/PiperEulerPose.h, /home/hank/piper_ws/devel/include/piper_msgs/PiperEulerPose.h)
Linked: (/home/hank/piper_ws/devel/.private/piper_msgs/include/piper_msgs/PosCmd.h, /home/hank/piper_ws/devel/include/piper_msgs/PosCmd.h)
Linked: (/home/hank/piper_ws/devel/.private/piper_msgs/include/piper_msgs/Gripper.h, /home/hank/piper_ws/devel/include/piper_msgs/Gripper.h)
Linked: (/home/hank/piper_ws/devel/.private/piper_msgs/include/piper_msgs/GoZero.h, /home/hank/piper_ws/devel/include/piper_msgs/GoZero.h)
Linked: (/home/hank/piper_ws/devel/.private/piper_msgs/include/piper_msgs/GripperRequest.h, /home/hank/piper_ws/devel/include/piper_msgs/GripperRequest.h)
Linked: (/home/hank/piper_ws/devel/.private/piper_msgs/include/piper_msgs/GoZeroRequest.h, /home/hank/piper_ws/devel/include/piper_msgs/GoZeroRequest.h)
Linked: (/home/hank/piper_ws/devel/.private/piper_msgs/include/piper_msgs/GoZeroResponse.h, /home/hank/piper_ws/devel/include/piper_msgs/GoZeroResponse.h)
Linked: (/home/hank/piper_ws/devel/.private/piper_msgs/include/piper_msgs/GripperResponse.h, /home/hank/piper_ws/devel/include/piper_msgs/GripperResponse.h)
Linked: (/home/hank/piper_ws/devel/.private/piper_msgs/include/piper_msgs/PiperStatusMsg.h, /home/hank/piper_ws/devel/include/piper_msgs/PiperStatusMsg.h)
Linked: (/home/hank/piper_ws/devel/.private/piper_msgs/share/common-lisp/ros/piper_msgs/srv/Enable.lisp, /home/hank/piper_ws/devel/share/common-lisp/ros/piper_msgs/srv/Enable.lisp)
Linked: (/home/hank/piper_ws/devel/.private/piper_msgs/share/common-lisp/ros/piper_msgs/srv/Gripper.lisp, /home/hank/piper_ws/devel/share/common-lisp/ros/piper_msgs/srv/Gripper.lisp)
Linked: (/home/hank/piper_ws/devel/.private/piper_msgs/share/common-lisp/ros/piper_msgs/srv/_package.lisp, /home/hank/piper_ws/devel/share/common-lisp/ros/piper_msgs/srv/_package.lisp)
Linked: (/home/hank/piper_ws/devel/.private/piper_msgs/share/common-lisp/ros/piper_msgs/srv/_package_Gripper.lisp, /home/hank/piper_ws/devel/share/common-lisp/ros/piper_msgs/srv/_package_Gripper.lisp)
Linked: (/home/hank/piper_ws/devel/.private/piper_msgs/share/common-lisp/ros/piper_msgs/srv/GoZero.lisp, /home/hank/piper_ws/devel/share/common-lisp/ros/piper_msgs/srv/GoZero.lisp)
Linked: (/home/hank/piper_ws/devel/.private/piper_msgs/share/common-lisp/ros/piper_msgs/srv/piper_msgs-srv.asd, /home/hank/piper_ws/devel/share/common-lisp/ros/piper_msgs/srv/piper_msgs-srv.asd)
Linked: (/home/hank/piper_ws/devel/.private/piper_msgs/share/common-lisp/ros/piper_msgs/srv/_package_GoZero.lisp, /home/hank/piper_ws/devel/share/common-lisp/ros/piper_msgs/srv/_package_GoZero.lisp)
Linked: (/home/hank/piper_ws/devel/.private/piper_msgs/share/common-lisp/ros/piper_msgs/srv/_package_Enable.lisp, /home/hank/piper_ws/devel/share/common-lisp/ros/piper_msgs/srv/_package_Enable.lisp)
Linked: (/home/hank/piper_ws/devel/.private/piper_msgs/share/common-lisp/ros/piper_msgs/msg/PiperStatusMsg.lisp, /home/hank/piper_ws/devel/share/common-lisp/ros/piper_msgs/msg/PiperStatusMsg.lisp)
Linked: (/home/hank/piper_ws/devel/.private/piper_msgs/share/common-lisp/ros/piper_msgs/msg/PosCmd.lisp, /home/hank/piper_ws/devel/share/common-lisp/ros/piper_msgs/msg/PosCmd.lisp)
Linked: (/home/hank/piper_ws/devel/.private/piper_msgs/share/common-lisp/ros/piper_msgs/msg/_package.lisp, /home/hank/piper_ws/devel/share/common-lisp/ros/piper_msgs/msg/_package.lisp)
Linked: (/home/hank/piper_ws/devel/.private/piper_msgs/share/common-lisp/ros/piper_msgs/msg/_package_PiperEulerPose.lisp, /home/hank/piper_ws/devel/share/common-lisp/ros/piper_msgs/msg/_package_PiperEulerPose.lisp)
Linked: (/home/hank/piper_ws/devel/.private/piper_msgs/share/common-lisp/ros/piper_msgs/msg/_package_PiperStatusMsg.lisp, /home/hank/piper_ws/devel/share/common-lisp/ros/piper_msgs/msg/_package_PiperStatusMsg.lisp)
Linked: (/home/hank/piper_ws/devel/.private/piper_msgs/share/common-lisp/ros/piper_msgs/msg/_package_PosCmd.lisp, /home/hank/piper_ws/devel/share/common-lisp/ros/piper_msgs/msg/_package_PosCmd.lisp)
Linked: (/home/hank/piper_ws/devel/.private/piper_msgs/share/common-lisp/ros/piper_msgs/msg/piper_msgs-msg.asd, /home/hank/piper_ws/devel/share/common-lisp/ros/piper_msgs/msg/piper_msgs-msg.asd)
Linked: (/home/hank/piper_ws/devel/.private/piper_msgs/share/common-lisp/ros/piper_msgs/msg/PiperEulerPose.lisp, /home/hank/piper_ws/devel/share/common-lisp/ros/piper_msgs/msg/PiperEulerPose.lisp)
Linked: (/home/hank/piper_ws/devel/.private/piper_msgs/share/gennodejs/ros/piper_msgs/_index.js, /home/hank/piper_ws/devel/share/gennodejs/ros/piper_msgs/_index.js)
Linked: (/home/hank/piper_ws/devel/.private/piper_msgs/share/gennodejs/ros/piper_msgs/srv/_index.js, /home/hank/piper_ws/devel/share/gennodejs/ros/piper_msgs/srv/_index.js)
Linked: (/home/hank/piper_ws/devel/.private/piper_msgs/share/gennodejs/ros/piper_msgs/srv/Gripper.js, /home/hank/piper_ws/devel/share/gennodejs/ros/piper_msgs/srv/Gripper.js)
Linked: (/home/hank/piper_ws/devel/.private/piper_msgs/share/gennodejs/ros/piper_msgs/srv/Enable.js, /home/hank/piper_ws/devel/share/gennodejs/ros/piper_msgs/srv/Enable.js)
Linked: (/home/hank/piper_ws/devel/.private/piper_msgs/share/gennodejs/ros/piper_msgs/srv/GoZero.js, /home/hank/piper_ws/devel/share/gennodejs/ros/piper_msgs/srv/GoZero.js)
Linked: (/home/hank/piper_ws/devel/.private/piper_msgs/share/gennodejs/ros/piper_msgs/msg/PiperStatusMsg.js, /home/hank/piper_ws/devel/share/gennodejs/ros/piper_msgs/msg/PiperStatusMsg.js)
Linked: (/home/hank/piper_ws/devel/.private/piper_msgs/share/gennodejs/ros/piper_msgs/msg/_index.js, /home/hank/piper_ws/devel/share/gennodejs/ros/piper_msgs/msg/_index.js)
Linked: (/home/hank/piper_ws/devel/.private/piper_msgs/share/gennodejs/ros/piper_msgs/msg/PiperEulerPose.js, /home/hank/piper_ws/devel/share/gennodejs/ros/piper_msgs/msg/PiperEulerPose.js)
Linked: (/home/hank/piper_ws/devel/.private/piper_msgs/share/gennodejs/ros/piper_msgs/msg/PosCmd.js, /home/hank/piper_ws/devel/share/gennodejs/ros/piper_msgs/msg/PosCmd.js)
Linked: (/home/hank/piper_ws/devel/.private/piper_msgs/share/roseus/ros/piper_msgs/manifest.l, /home/hank/piper_ws/devel/share/roseus/ros/piper_msgs/manifest.l)
Linked: (/home/hank/piper_ws/devel/.private/piper_msgs/share/roseus/ros/piper_msgs/srv/Enable.l, /home/hank/piper_ws/devel/share/roseus/ros/piper_msgs/srv/Enable.l)
Linked: (/home/hank/piper_ws/devel/.private/piper_msgs/share/roseus/ros/piper_msgs/srv/GoZero.l, /home/hank/piper_ws/devel/share/roseus/ros/piper_msgs/srv/GoZero.l)
Linked: (/home/hank/piper_ws/devel/.private/piper_msgs/share/roseus/ros/piper_msgs/srv/Gripper.l, /home/hank/piper_ws/devel/share/roseus/ros/piper_msgs/srv/Gripper.l)
Linked: (/home/hank/piper_ws/devel/.private/piper_msgs/share/roseus/ros/piper_msgs/msg/PosCmd.l, /home/hank/piper_ws/devel/share/roseus/ros/piper_msgs/msg/PosCmd.l)
Linked: (/home/hank/piper_ws/devel/.private/piper_msgs/share/roseus/ros/piper_msgs/msg/PiperEulerPose.l, /home/hank/piper_ws/devel/share/roseus/ros/piper_msgs/msg/PiperEulerPose.l)
Linked: (/home/hank/piper_ws/devel/.private/piper_msgs/share/roseus/ros/piper_msgs/msg/PiperStatusMsg.l, /home/hank/piper_ws/devel/share/roseus/ros/piper_msgs/msg/PiperStatusMsg.l)
Linked: (/home/hank/piper_ws/devel/.private/piper_msgs/share/piper_msgs/cmake/piper_msgs-msg-extras.cmake, /home/hank/piper_ws/devel/share/piper_msgs/cmake/piper_msgs-msg-extras.cmake)
Linked: (/home/hank/piper_ws/devel/.private/piper_msgs/share/piper_msgs/cmake/piper_msgsConfig.cmake, /home/hank/piper_ws/devel/share/piper_msgs/cmake/piper_msgsConfig.cmake)
Linked: (/home/hank/piper_ws/devel/.private/piper_msgs/share/piper_msgs/cmake/piper_msgsConfig-version.cmake, /home/hank/piper_ws/devel/share/piper_msgs/cmake/piper_msgsConfig-version.cmake)
Linked: (/home/hank/piper_ws/devel/.private/piper_msgs/share/piper_msgs/cmake/piper_msgs-msg-paths.cmake, /home/hank/piper_ws/devel/share/piper_msgs/cmake/piper_msgs-msg-paths.cmake)
Linked: (/home/hank/piper_ws/devel/.private/piper_msgs/lib/python3/dist-packages/piper_msgs/__init__.py, /home/hank/piper_ws/devel/lib/python3/dist-packages/piper_msgs/__init__.py)
Linked: (/home/hank/piper_ws/devel/.private/piper_msgs/lib/python3/dist-packages/piper_msgs/srv/_GoZero.py, /home/hank/piper_ws/devel/lib/python3/dist-packages/piper_msgs/srv/_GoZero.py)
Linked: (/home/hank/piper_ws/devel/.private/piper_msgs/lib/python3/dist-packages/piper_msgs/srv/_Gripper.py, /home/hank/piper_ws/devel/lib/python3/dist-packages/piper_msgs/srv/_Gripper.py)
Linked: (/home/hank/piper_ws/devel/.private/piper_msgs/lib/python3/dist-packages/piper_msgs/srv/_Enable.py, /home/hank/piper_ws/devel/lib/python3/dist-packages/piper_msgs/srv/_Enable.py)
Linked: (/home/hank/piper_ws/devel/.private/piper_msgs/lib/python3/dist-packages/piper_msgs/srv/__init__.py, /home/hank/piper_ws/devel/lib/python3/dist-packages/piper_msgs/srv/__init__.py)
Linked: (/home/hank/piper_ws/devel/.private/piper_msgs/lib/python3/dist-packages/piper_msgs/msg/_PiperStatusMsg.py, /home/hank/piper_ws/devel/lib/python3/dist-packages/piper_msgs/msg/_PiperStatusMsg.py)
Linked: (/home/hank/piper_ws/devel/.private/piper_msgs/lib/python3/dist-packages/piper_msgs/msg/__init__.py, /home/hank/piper_ws/devel/lib/python3/dist-packages/piper_msgs/msg/__init__.py)
Linked: (/home/hank/piper_ws/devel/.private/piper_msgs/lib/python3/dist-packages/piper_msgs/msg/_PiperEulerPose.py, /home/hank/piper_ws/devel/lib/python3/dist-packages/piper_msgs/msg/_PiperEulerPose.py)
Linked: (/home/hank/piper_ws/devel/.private/piper_msgs/lib/python3/dist-packages/piper_msgs/msg/_PosCmd.py, /home/hank/piper_ws/devel/lib/python3/dist-packages/piper_msgs/msg/_PosCmd.py)
Linked: (/home/hank/piper_ws/devel/.private/piper_msgs/lib/pkgconfig/piper_msgs.pc, /home/hank/piper_ws/devel/lib/pkgconfig/piper_msgs.pc)
