Symlinking /home/hank/piper_ws/devel/include/piper_msgs/EnableRequest.h
Symlinking /home/hank/piper_ws/devel/include/piper_msgs/Enable.h
Symlinking /home/hank/piper_ws/devel/include/piper_msgs/EnableResponse.h
Symlinking /home/hank/piper_ws/devel/include/piper_msgs/PiperEulerPose.h
Symlinking /home/hank/piper_ws/devel/include/piper_msgs/PosCmd.h
Symlinking /home/hank/piper_ws/devel/include/piper_msgs/Gripper.h
Symlinking /home/hank/piper_ws/devel/include/piper_msgs/GoZero.h
Symlinking /home/hank/piper_ws/devel/include/piper_msgs/GripperRequest.h
Symlinking /home/hank/piper_ws/devel/include/piper_msgs/GoZeroRequest.h
Symlinking /home/hank/piper_ws/devel/include/piper_msgs/GoZeroResponse.h
Symlinking /home/hank/piper_ws/devel/include/piper_msgs/GripperResponse.h
Symlinking /home/hank/piper_ws/devel/include/piper_msgs/PiperStatusMsg.h
Symlinking /home/hank/piper_ws/devel/share/common-lisp/ros/piper_msgs/srv/Enable.lisp
Symlinking /home/hank/piper_ws/devel/share/common-lisp/ros/piper_msgs/srv/Gripper.lisp
Symlinking /home/hank/piper_ws/devel/share/common-lisp/ros/piper_msgs/srv/_package.lisp
Symlinking /home/hank/piper_ws/devel/share/common-lisp/ros/piper_msgs/srv/_package_Gripper.lisp
Symlinking /home/hank/piper_ws/devel/share/common-lisp/ros/piper_msgs/srv/GoZero.lisp
Symlinking /home/hank/piper_ws/devel/share/common-lisp/ros/piper_msgs/srv/piper_msgs-srv.asd
Symlinking /home/hank/piper_ws/devel/share/common-lisp/ros/piper_msgs/srv/_package_GoZero.lisp
Symlinking /home/hank/piper_ws/devel/share/common-lisp/ros/piper_msgs/srv/_package_Enable.lisp
Symlinking /home/hank/piper_ws/devel/share/common-lisp/ros/piper_msgs/msg/PiperStatusMsg.lisp
Symlinking /home/hank/piper_ws/devel/share/common-lisp/ros/piper_msgs/msg/PosCmd.lisp
Symlinking /home/hank/piper_ws/devel/share/common-lisp/ros/piper_msgs/msg/_package.lisp
Symlinking /home/hank/piper_ws/devel/share/common-lisp/ros/piper_msgs/msg/_package_PiperEulerPose.lisp
Symlinking /home/hank/piper_ws/devel/share/common-lisp/ros/piper_msgs/msg/_package_PiperStatusMsg.lisp
Symlinking /home/hank/piper_ws/devel/share/common-lisp/ros/piper_msgs/msg/_package_PosCmd.lisp
Symlinking /home/hank/piper_ws/devel/share/common-lisp/ros/piper_msgs/msg/piper_msgs-msg.asd
Symlinking /home/hank/piper_ws/devel/share/common-lisp/ros/piper_msgs/msg/PiperEulerPose.lisp
Symlinking /home/hank/piper_ws/devel/share/gennodejs/ros/piper_msgs/_index.js
Symlinking /home/hank/piper_ws/devel/share/gennodejs/ros/piper_msgs/srv/_index.js
Symlinking /home/hank/piper_ws/devel/share/gennodejs/ros/piper_msgs/srv/Gripper.js
Symlinking /home/hank/piper_ws/devel/share/gennodejs/ros/piper_msgs/srv/Enable.js
Symlinking /home/hank/piper_ws/devel/share/gennodejs/ros/piper_msgs/srv/GoZero.js
Symlinking /home/hank/piper_ws/devel/share/gennodejs/ros/piper_msgs/msg/PiperStatusMsg.js
Symlinking /home/hank/piper_ws/devel/share/gennodejs/ros/piper_msgs/msg/_index.js
Symlinking /home/hank/piper_ws/devel/share/gennodejs/ros/piper_msgs/msg/PiperEulerPose.js
Symlinking /home/hank/piper_ws/devel/share/gennodejs/ros/piper_msgs/msg/PosCmd.js
Symlinking /home/hank/piper_ws/devel/share/roseus/ros/piper_msgs/manifest.l
Symlinking /home/hank/piper_ws/devel/share/roseus/ros/piper_msgs/srv/Enable.l
Symlinking /home/hank/piper_ws/devel/share/roseus/ros/piper_msgs/srv/GoZero.l
Symlinking /home/hank/piper_ws/devel/share/roseus/ros/piper_msgs/srv/Gripper.l
Symlinking /home/hank/piper_ws/devel/share/roseus/ros/piper_msgs/msg/PosCmd.l
Symlinking /home/hank/piper_ws/devel/share/roseus/ros/piper_msgs/msg/PiperEulerPose.l
Symlinking /home/hank/piper_ws/devel/share/roseus/ros/piper_msgs/msg/PiperStatusMsg.l
Symlinking /home/hank/piper_ws/devel/share/piper_msgs/cmake/piper_msgs-msg-extras.cmake
Symlinking /home/hank/piper_ws/devel/share/piper_msgs/cmake/piper_msgsConfig.cmake
Symlinking /home/hank/piper_ws/devel/share/piper_msgs/cmake/piper_msgsConfig-version.cmake
Symlinking /home/hank/piper_ws/devel/share/piper_msgs/cmake/piper_msgs-msg-paths.cmake
Symlinking /home/hank/piper_ws/devel/lib/python3/dist-packages/piper_msgs/__init__.py
Symlinking /home/hank/piper_ws/devel/lib/python3/dist-packages/piper_msgs/srv/_GoZero.py
Symlinking /home/hank/piper_ws/devel/lib/python3/dist-packages/piper_msgs/srv/_Gripper.py
Symlinking /home/hank/piper_ws/devel/lib/python3/dist-packages/piper_msgs/srv/_Enable.py
Symlinking /home/hank/piper_ws/devel/lib/python3/dist-packages/piper_msgs/srv/__init__.py
Symlinking /home/hank/piper_ws/devel/lib/python3/dist-packages/piper_msgs/msg/_PiperStatusMsg.py
Symlinking /home/hank/piper_ws/devel/lib/python3/dist-packages/piper_msgs/msg/__init__.py
Symlinking /home/hank/piper_ws/devel/lib/python3/dist-packages/piper_msgs/msg/_PiperEulerPose.py
Symlinking /home/hank/piper_ws/devel/lib/python3/dist-packages/piper_msgs/msg/_PosCmd.py
Symlinking /home/hank/piper_ws/devel/lib/pkgconfig/piper_msgs.pc
