[35m[1mScanning dependencies of target sensor_msgs_generate_messages_eus[0m
[  0%] Built target sensor_msgs_generate_messages_eus
[35m[1mScanning dependencies of target _moveit_ctrl_generate_messages_check_deps_JointMoveitCtrl[0m
[35m[1mScanning dependencies of target sensor_msgs_generate_messages_py[0m
[  0%] Built target _moveit_ctrl_generate_messages_check_deps_JointMoveitCtrl
[35m[1mScanning dependencies of target sensor_msgs_generate_messages_nodejs[0m
[  0%] Built target sensor_msgs_generate_messages_py
[35m[1mScanning dependencies of target sensor_msgs_generate_messages_lisp[0m
[  0%] Built target sensor_msgs_generate_messages_nodejs
[  0%] Built target sensor_msgs_generate_messages_lisp
[35m[1mScanning dependencies of target sensor_msgs_generate_messages_cpp[0m
[  0%] Built target sensor_msgs_generate_messages_cpp
[35m[1mScanning dependencies of target moveit_ctrl_generate_messages_eus[0m
[ 14%] [34m[1mGenerating EusLisp code from moveit_ctrl/JointMoveitCtrl.srv[0m
[ 28%] [34m[1mGenerating EusLisp manifest code for moveit_ctrl[0m
[35m[1mScanning dependencies of target moveit_ctrl_generate_messages_py[0m
[ 42%] [34m[1mGenerating Python code from SRV moveit_ctrl/JointMoveitCtrl[0m
[ 57%] [34m[1mGenerating Python srv __init__.py for moveit_ctrl[0m
[35m[1mScanning dependencies of target moveit_ctrl_generate_messages_nodejs[0m
[ 71%] [34m[1mGenerating Javascript code from moveit_ctrl/JointMoveitCtrl.srv[0m
[35m[1mScanning dependencies of target moveit_ctrl_generate_messages_lisp[0m
[ 85%] [34m[1mGenerating Lisp code from moveit_ctrl/JointMoveitCtrl.srv[0m
[ 85%] Built target moveit_ctrl_generate_messages_nodejs
[ 85%] Built target moveit_ctrl_generate_messages_py
[35m[1mScanning dependencies of target moveit_ctrl_generate_messages_cpp[0m
[100%] [34m[1mGenerating C++ code from moveit_ctrl/JointMoveitCtrl.srv[0m
[100%] Built target moveit_ctrl_generate_messages_lisp
Traceback (most recent call last):
  File "/opt/ros/noetic/share/gencpp/cmake/../../../lib/gencpp/gen_cpp.py", line 49, in <module>
    genmsg.template_tools.generate_from_command_line_options(
  File "/opt/ros/noetic/lib/python3/dist-packages/genmsg/template_tools.py", line 213, in generate_from_command_line_options
    generate_from_file(argv[1], options.package, options.outdir, options.emdir, options.includepath, msg_template_dict, srv_template_dict)
  File "/opt/ros/noetic/lib/python3/dist-packages/genmsg/template_tools.py", line 156, in generate_from_file
    _generate_srv_from_file(input_file, output_dir, template_dir, search_path, package_name, srv_template_dict, msg_template_dict)
  File "/opt/ros/noetic/lib/python3/dist-packages/genmsg/template_tools.py", line 109, in _generate_srv_from_file
    _generate_from_spec(input_file,
  File "/opt/ros/noetic/lib/python3/dist-packages/genmsg/template_tools.py", line 77, in _generate_from_spec
    interpreter = em.Interpreter(output=ofile, globals=g, options={em.RAW_OPT:True,em.BUFFERED_OPT:True})
AttributeError: module 'em' has no attribute 'RAW_OPT'
make[2]: *** [CMakeFiles/moveit_ctrl_generate_messages_cpp.dir/build.make:64：/home/hank/piper_ws/devel/.private/moveit_ctrl/include/moveit_ctrl/JointMoveitCtrl.h] 错误 1
make[2]: *** 正在删除文件“/home/hank/piper_ws/devel/.private/moveit_ctrl/include/moveit_ctrl/JointMoveitCtrl.h”
make[1]: *** [CMakeFiles/Makefile2:1053：CMakeFiles/moveit_ctrl_generate_messages_cpp.dir/all] 错误 2
make[1]: *** 正在等待未完成的任务....
[100%] Built target moveit_ctrl_generate_messages_eus
make: *** [Makefile:141：all] 错误 2
