-- Using CATKIN_DEVEL_PREFIX: /home/hank/piper_ws/devel/.private/moveit_ctrl
-- Using CMAKE_PREFIX_PATH: /home/hank/piper_ws/devel;/opt/ros/noetic
-- This workspace overlays: /home/hank/piper_ws/devel;/opt/ros/noetic
-- Found PythonInterp: /home/hank/anaconda3/envs/piper/bin/python3 (found suitable version "3.10.19", minimum required is "3")
-- Using PYTHON_EXECUTABLE: /home/hank/anaconda3/envs/piper/bin/python3
-- Using Debian Python package layout
-- Using empy: /home/hank/anaconda3/envs/piper/lib/python3.10/site-packages/em.py
-- Using CATKIN_ENABLE_TESTING: ON
-- Call enable_testing()
-- Using CATKIN_TEST_RESULTS_DIR: /home/hank/piper_ws/build/moveit_ctrl/test_results
-- Forcing gtest/gmock from source, though one was otherwise available.
-- Found gtest sources under '/usr/src/googletest': gtests will be built
-- Found gmock sources under '/usr/src/googletest': gmock will be built
-- Found PythonInterp: /home/hank/anaconda3/envs/piper/bin/python3 (found version "3.10.19")
-- Using Python nosetests: /usr/bin/nosetests3
-- catkin 0.8.12
-- BUILD_SHARED_LIBS is on
-- Using these message generators: gencpp;geneus;genlisp;gennodejs;genpy
-- moveit_ctrl: 0 messages, 1 services
-- Installing devel-space wrapper /home/hank/piper_ws/src/piper_ros/src/piper_moveit/moveit_ctrl/scripts/joint_moveit_ctrl_server.py to /home/hank/piper_ws/devel/.private/moveit_ctrl/lib/moveit_ctrl
-- Installing devel-space wrapper /home/hank/piper_ws/src/piper_ros/src/piper_moveit/moveit_ctrl/scripts/simple_moveit_control.py to /home/hank/piper_ws/devel/.private/moveit_ctrl/lib/moveit_ctrl
-- Installing devel-space wrapper /home/hank/piper_ws/src/piper_ros/src/piper_moveit/moveit_ctrl/scripts/simple_moveit_ik_control.py to /home/hank/piper_ws/devel/.private/moveit_ctrl/lib/moveit_ctrl
-- Installing devel-space wrapper /home/hank/piper_ws/src/piper_ros/src/piper_moveit/moveit_ctrl/scripts/moveit_draw_circle.py to /home/hank/piper_ws/devel/.private/moveit_ctrl/lib/moveit_ctrl
-- Configuring done
-- Generating done
-- Build files have been written to: /home/hank/piper_ws/build/moveit_ctrl
