Linked: (/home/hank/piper_ws/devel/.private/moveit_ctrl/include/moveit_ctrl/JointMoveitCtrlRequest.h, /home/hank/piper_ws/devel/include/moveit_ctrl/JointMoveitCtrlRequest.h)
Linked: (/home/hank/piper_ws/devel/.private/moveit_ctrl/include/moveit_ctrl/JointMoveitCtrlResponse.h, /home/hank/piper_ws/devel/include/moveit_ctrl/JointMoveitCtrlResponse.h)
Linked: (/home/hank/piper_ws/devel/.private/moveit_ctrl/include/moveit_ctrl/JointMoveitCtrl.h, /home/hank/piper_ws/devel/include/moveit_ctrl/JointMoveitCtrl.h)
Linked: (/home/hank/piper_ws/devel/.private/moveit_ctrl/share/moveit_ctrl/cmake/moveit_ctrlConfig.cmake, /home/hank/piper_ws/devel/share/moveit_ctrl/cmake/moveit_ctrlConfig.cmake)
Linked: (/home/hank/piper_ws/devel/.private/moveit_ctrl/share/moveit_ctrl/cmake/moveit_ctrl-msg-extras.cmake, /home/hank/piper_ws/devel/share/moveit_ctrl/cmake/moveit_ctrl-msg-extras.cmake)
Linked: (/home/hank/piper_ws/devel/.private/moveit_ctrl/share/moveit_ctrl/cmake/moveit_ctrl-msg-paths.cmake, /home/hank/piper_ws/devel/share/moveit_ctrl/cmake/moveit_ctrl-msg-paths.cmake)
Linked: (/home/hank/piper_ws/devel/.private/moveit_ctrl/share/moveit_ctrl/cmake/moveit_ctrlConfig-version.cmake, /home/hank/piper_ws/devel/share/moveit_ctrl/cmake/moveit_ctrlConfig-version.cmake)
Linked: (/home/hank/piper_ws/devel/.private/moveit_ctrl/share/common-lisp/ros/moveit_ctrl/srv/_package_JointMoveitCtrl.lisp, /home/hank/piper_ws/devel/share/common-lisp/ros/moveit_ctrl/srv/_package_JointMoveitCtrl.lisp)
Linked: (/home/hank/piper_ws/devel/.private/moveit_ctrl/share/common-lisp/ros/moveit_ctrl/srv/_package.lisp, /home/hank/piper_ws/devel/share/common-lisp/ros/moveit_ctrl/srv/_package.lisp)
Linked: (/home/hank/piper_ws/devel/.private/moveit_ctrl/share/common-lisp/ros/moveit_ctrl/srv/JointMoveitCtrl.lisp, /home/hank/piper_ws/devel/share/common-lisp/ros/moveit_ctrl/srv/JointMoveitCtrl.lisp)
Linked: (/home/hank/piper_ws/devel/.private/moveit_ctrl/share/common-lisp/ros/moveit_ctrl/srv/moveit_ctrl-srv.asd, /home/hank/piper_ws/devel/share/common-lisp/ros/moveit_ctrl/srv/moveit_ctrl-srv.asd)
Linked: (/home/hank/piper_ws/devel/.private/moveit_ctrl/share/gennodejs/ros/moveit_ctrl/_index.js, /home/hank/piper_ws/devel/share/gennodejs/ros/moveit_ctrl/_index.js)
Linked: (/home/hank/piper_ws/devel/.private/moveit_ctrl/share/gennodejs/ros/moveit_ctrl/srv/_index.js, /home/hank/piper_ws/devel/share/gennodejs/ros/moveit_ctrl/srv/_index.js)
Linked: (/home/hank/piper_ws/devel/.private/moveit_ctrl/share/gennodejs/ros/moveit_ctrl/srv/JointMoveitCtrl.js, /home/hank/piper_ws/devel/share/gennodejs/ros/moveit_ctrl/srv/JointMoveitCtrl.js)
Linked: (/home/hank/piper_ws/devel/.private/moveit_ctrl/share/roseus/ros/moveit_ctrl/manifest.l, /home/hank/piper_ws/devel/share/roseus/ros/moveit_ctrl/manifest.l)
Linked: (/home/hank/piper_ws/devel/.private/moveit_ctrl/share/roseus/ros/moveit_ctrl/srv/JointMoveitCtrl.l, /home/hank/piper_ws/devel/share/roseus/ros/moveit_ctrl/srv/JointMoveitCtrl.l)
Linked: (/home/hank/piper_ws/devel/.private/moveit_ctrl/lib/moveit_ctrl/joint_moveit_ctrl_server.py, /home/hank/piper_ws/devel/lib/moveit_ctrl/joint_moveit_ctrl_server.py)
Linked: (/home/hank/piper_ws/devel/.private/moveit_ctrl/lib/python3/dist-packages/moveit_ctrl/__init__.py, /home/hank/piper_ws/devel/lib/python3/dist-packages/moveit_ctrl/__init__.py)
Linked: (/home/hank/piper_ws/devel/.private/moveit_ctrl/lib/python3/dist-packages/moveit_ctrl/srv/_JointMoveitCtrl.py, /home/hank/piper_ws/devel/lib/python3/dist-packages/moveit_ctrl/srv/_JointMoveitCtrl.py)
Linked: (/home/hank/piper_ws/devel/.private/moveit_ctrl/lib/python3/dist-packages/moveit_ctrl/srv/__init__.py, /home/hank/piper_ws/devel/lib/python3/dist-packages/moveit_ctrl/srv/__init__.py)
Linked: (/home/hank/piper_ws/devel/.private/moveit_ctrl/lib/pkgconfig/moveit_ctrl.pc, /home/hank/piper_ws/devel/lib/pkgconfig/moveit_ctrl.pc)
