Symlinking /home/hank/piper_ws/devel/include/moveit_ctrl/JointMoveitCtrlRequest.h
Symlinking /home/hank/piper_ws/devel/include/moveit_ctrl/JointMoveitCtrlResponse.h
Symlinking /home/hank/piper_ws/devel/include/moveit_ctrl/JointMoveitCtrl.h
Symlinking /home/hank/piper_ws/devel/share/moveit_ctrl/cmake/moveit_ctrlConfig.cmake
Symlinking /home/hank/piper_ws/devel/share/moveit_ctrl/cmake/moveit_ctrl-msg-extras.cmake
Symlinking /home/hank/piper_ws/devel/share/moveit_ctrl/cmake/moveit_ctrl-msg-paths.cmake
Symlinking /home/hank/piper_ws/devel/share/moveit_ctrl/cmake/moveit_ctrlConfig-version.cmake
Symlinking /home/hank/piper_ws/devel/share/common-lisp/ros/moveit_ctrl/srv/_package_JointMoveitCtrl.lisp
Symlinking /home/hank/piper_ws/devel/share/common-lisp/ros/moveit_ctrl/srv/_package.lisp
Symlinking /home/hank/piper_ws/devel/share/common-lisp/ros/moveit_ctrl/srv/JointMoveitCtrl.lisp
Symlinking /home/hank/piper_ws/devel/share/common-lisp/ros/moveit_ctrl/srv/moveit_ctrl-srv.asd
Symlinking /home/hank/piper_ws/devel/share/gennodejs/ros/moveit_ctrl/_index.js
Symlinking /home/hank/piper_ws/devel/share/gennodejs/ros/moveit_ctrl/srv/_index.js
Symlinking /home/hank/piper_ws/devel/share/gennodejs/ros/moveit_ctrl/srv/JointMoveitCtrl.js
Symlinking /home/hank/piper_ws/devel/share/roseus/ros/moveit_ctrl/manifest.l
Symlinking /home/hank/piper_ws/devel/share/roseus/ros/moveit_ctrl/srv/JointMoveitCtrl.l
Symlinking /home/hank/piper_ws/devel/lib/moveit_ctrl/joint_moveit_ctrl_server.py
Symlinking /home/hank/piper_ws/devel/lib/python3/dist-packages/moveit_ctrl/__init__.py
Symlinking /home/hank/piper_ws/devel/lib/python3/dist-packages/moveit_ctrl/srv/_JointMoveitCtrl.py
Symlinking /home/hank/piper_ws/devel/lib/python3/dist-packages/moveit_ctrl/srv/__init__.py
Symlinking /home/hank/piper_ws/devel/lib/pkgconfig/moveit_ctrl.pc
