Not searching for unused variables given on the command line.
[36m--[0m The C compiler identification is GNU 9.4.0
[36m--[0m The CXX compiler identification is GNU 9.4.0
[36m--[0m Check for working C compiler: /usr/bin/cc
[36m--[0m Check for working C compiler: /usr/bin/cc -- works
[36m--[0m Detecting C compiler ABI info
[36m--[0m Detecting C compiler ABI info - done
[36m--[0m Detecting C compile features
[36m--[0m Detecting C compile features - done
[36m--[0m Check for working CXX compiler: /usr/bin/c++
[36m--[0m Check for working CXX compiler: /usr/bin/c++ -- works
[36m--[0m Detecting CXX compiler ABI info
[36m--[0m Detecting CXX compiler ABI info - done
[36m--[0m Detecting CXX compile features
[36m--[0m Detecting CXX compile features - done
[36m--[0m Using CATKIN_DEVEL_PREFIX: /home/hank/piper_ws/devel/.private/catkin_tools_prebuild
[36m--[0m Using CMAKE_PREFIX_PATH: /opt/ros/noetic
[36m--[0m This workspace overlays: /opt/ros/noetic
[36m--[0m Found PythonInterp: /home/hank/anaconda3/envs/piper/bin/python3 (found suitable version "3.10.19", minimum required is "3")
[36m--[0m Using PYTHON_EXECUTABLE: /home/hank/anaconda3/envs/piper/bin/python3
[36m--[0m Using Debian Python package layout
[36m--[0m Found PY_em: /home/hank/anaconda3/envs/piper/lib/python3.10/site-packages/em.py
[36m--[0m Using empy: /home/hank/anaconda3/envs/piper/lib/python3.10/site-packages/em.py
[36m--[0m Using CATKIN_ENABLE_TESTING: ON
[36m--[0m Call enable_testing()
[36m--[0m Using CATKIN_TEST_RESULTS_DIR: /home/hank/piper_ws/build/catkin_tools_prebuild/test_results
[36m--[0m Forcing gtest/gmock from source, though one was otherwise available.
[36m--[0m Found gtest sources under '/usr/src/googletest': gtests will be built
[36m--[0m Found gmock sources under '/usr/src/googletest': gmock will be built
[36m--[0m Found PythonInterp: /home/hank/anaconda3/envs/piper/bin/python3 (found version "3.10.19")
[36m--[0m Found Threads: TRUE
[36m--[0m Using Python nosetests: /usr/bin/nosetests3
ImportError: "from catkin_pkg.package import parse_package" failed: No module named 'catkin_pkg'
Make sure that you have installed "catkin_pkg", it is up to date and on the PYTHONPATH.
[31m[1mCMake Error[0m at /opt/ros/noetic/share/catkin/cmake/safe_execute_process.cmake:11 (message):
  execute_process(/home/hank/anaconda3/envs/piper/bin/python3
  "/opt/ros/noetic/share/catkin/cmake/parse_package_xml.py"
  "/opt/ros/noetic/share/catkin/cmake/../package.xml"
  "/home/hank/piper_ws/build/catkin_tools_prebuild/catkin/catkin_generated/version/package.cmake")
  returned error code 1
[36mCall Stack (most recent call first):[0m
  /opt/ros/noetic/share/catkin/cmake/catkin_package_xml.cmake:74 (safe_execute_process)
  /opt/ros/noetic/share/catkin/cmake/all.cmake:168 (_catkin_package_xml)
  /opt/ros/noetic/share/catkin/cmake/catkinConfig.cmake:20 (include)
  CMakeLists.txt:4 (find_package)


[36m--[0m Configuring incomplete, errors occurred!
See also "/home/hank/piper_ws/build/catkin_tools_prebuild/CMakeFiles/CMakeOutput.log".
See also "/home/hank/piper_ws/build/catkin_tools_prebuild/CMakeFiles/CMakeError.log".
